Archive member included to satisfy reference by file (symbol)

/usr/lib/gcc/arm-none-eabi/9.2.1/thumb/v6-m/nofp/libgcc.a(_dvmd_tls.o)
                              CMakeFiles/simple_vga.dir/home/keyvin/pico-sdk/src/rp2_common/pico_divider/divider.S.obj (__aeabi_idiv0)
/usr/lib/gcc/arm-none-eabi/9.2.1/../../../arm-none-eabi/lib/thumb/v6-m/nofp/libc.a(lib_a-atexit.o)
                              /usr/lib/gcc/arm-none-eabi/9.2.1/../../../arm-none-eabi/lib/thumb/v6-m/nofp/crt0.o (atexit)
/usr/lib/gcc/arm-none-eabi/9.2.1/../../../arm-none-eabi/lib/thumb/v6-m/nofp/libc.a(lib_a-calloc.o)
                              CMakeFiles/simple_vga.dir/home/keyvin/pico-sdk/src/rp2_common/pico_malloc/pico_malloc.c.obj (calloc)
/usr/lib/gcc/arm-none-eabi/9.2.1/../../../arm-none-eabi/lib/thumb/v6-m/nofp/libc.a(lib_a-callocr.o)
                              /usr/lib/gcc/arm-none-eabi/9.2.1/../../../arm-none-eabi/lib/thumb/v6-m/nofp/libc.a(lib_a-calloc.o) (_calloc_r)
/usr/lib/gcc/arm-none-eabi/9.2.1/../../../arm-none-eabi/lib/thumb/v6-m/nofp/libc.a(lib_a-fini.o)
                              /usr/lib/gcc/arm-none-eabi/9.2.1/../../../arm-none-eabi/lib/thumb/v6-m/nofp/crt0.o (__libc_fini_array)
/usr/lib/gcc/arm-none-eabi/9.2.1/../../../arm-none-eabi/lib/thumb/v6-m/nofp/libc.a(lib_a-impure.o)
                              /usr/lib/gcc/arm-none-eabi/9.2.1/../../../arm-none-eabi/lib/thumb/v6-m/nofp/libc.a(lib_a-calloc.o) (_impure_ptr)
/usr/lib/gcc/arm-none-eabi/9.2.1/../../../arm-none-eabi/lib/thumb/v6-m/nofp/libc.a(lib_a-init.o)
                              /usr/lib/gcc/arm-none-eabi/9.2.1/../../../arm-none-eabi/lib/thumb/v6-m/nofp/crt0.o (__libc_init_array)
/usr/lib/gcc/arm-none-eabi/9.2.1/../../../arm-none-eabi/lib/thumb/v6-m/nofp/libc.a(lib_a-malloc.o)
                              CMakeFiles/simple_vga.dir/home/keyvin/pico-sdk/src/rp2_common/pico_malloc/pico_malloc.c.obj (malloc)
/usr/lib/gcc/arm-none-eabi/9.2.1/../../../arm-none-eabi/lib/thumb/v6-m/nofp/libc.a(lib_a-mallocr.o)
                              /usr/lib/gcc/arm-none-eabi/9.2.1/../../../arm-none-eabi/lib/thumb/v6-m/nofp/libc.a(lib_a-callocr.o) (_malloc_r)
/usr/lib/gcc/arm-none-eabi/9.2.1/../../../arm-none-eabi/lib/thumb/v6-m/nofp/libc.a(lib_a-mlock.o)
                              /usr/lib/gcc/arm-none-eabi/9.2.1/../../../arm-none-eabi/lib/thumb/v6-m/nofp/libc.a(lib_a-mallocr.o) (__malloc_lock)
/usr/lib/gcc/arm-none-eabi/9.2.1/../../../arm-none-eabi/lib/thumb/v6-m/nofp/libc.a(lib_a-sbrkr.o)
                              /usr/lib/gcc/arm-none-eabi/9.2.1/../../../arm-none-eabi/lib/thumb/v6-m/nofp/libc.a(lib_a-mallocr.o) (_sbrk_r)
/usr/lib/gcc/arm-none-eabi/9.2.1/../../../arm-none-eabi/lib/thumb/v6-m/nofp/libc.a(lib_a-strlen-stub.o)
                              CMakeFiles/simple_vga.dir/home/keyvin/pico-sdk/src/rp2_common/pico_stdio/stdio.c.obj (strlen)
/usr/lib/gcc/arm-none-eabi/9.2.1/../../../arm-none-eabi/lib/thumb/v6-m/nofp/libc.a(lib_a-__atexit.o)
                              /usr/lib/gcc/arm-none-eabi/9.2.1/../../../arm-none-eabi/lib/thumb/v6-m/nofp/libc.a(lib_a-atexit.o) (__register_exitproc)
/usr/lib/gcc/arm-none-eabi/9.2.1/../../../arm-none-eabi/lib/thumb/v6-m/nofp/libc.a(lib_a-freer.o)
                              /usr/lib/gcc/arm-none-eabi/9.2.1/../../../arm-none-eabi/lib/thumb/v6-m/nofp/libc.a(lib_a-malloc.o) (_free_r)
/usr/lib/gcc/arm-none-eabi/9.2.1/../../../arm-none-eabi/lib/thumb/v6-m/nofp/libc.a(lib_a-reent.o)
                              /usr/lib/gcc/arm-none-eabi/9.2.1/../../../arm-none-eabi/lib/thumb/v6-m/nofp/libc.a(lib_a-sbrkr.o) (errno)

Allocating common symbols
Common symbol       size              file

sf_table            0x100             CMakeFiles/simple_vga.dir/home/keyvin/pico-sdk/src/rp2_common/pico_float/float_init_rom.c.obj
RGB_buffer          0xc80             CMakeFiles/simple_vga.dir/vga_charrom.c.obj
errno               0x4               /usr/lib/gcc/arm-none-eabi/9.2.1/../../../arm-none-eabi/lib/thumb/v6-m/nofp/libc.a(lib_a-reent.o)
background          0x4b00            CMakeFiles/simple_vga.dir/vga_charrom.c.obj
Vsync_buffer        0xc8              CMakeFiles/simple_vga.dir/vga_charrom.c.obj
Hsync_buffer        0xc8              CMakeFiles/simple_vga.dir/vga_charrom.c.obj
Vblank              0x320             CMakeFiles/simple_vga.dir/vga_charrom.c.obj
sd_table            0x100             CMakeFiles/simple_vga.dir/home/keyvin/pico-sdk/src/rp2_common/pico_double/double_init_rom.c.obj
uart_char_to_line_feed
                    0x4               CMakeFiles/simple_vga.dir/home/keyvin/pico-sdk/src/rp2_common/hardware_uart/uart.c.obj

Discarded input sections

 .text          0x0000000000000000        0x0 /usr/lib/gcc/arm-none-eabi/9.2.1/thumb/v6-m/nofp/crti.o
 .data          0x0000000000000000        0x0 /usr/lib/gcc/arm-none-eabi/9.2.1/thumb/v6-m/nofp/crti.o
 .bss           0x0000000000000000        0x0 /usr/lib/gcc/arm-none-eabi/9.2.1/thumb/v6-m/nofp/crti.o
[...]
Memory Configuration

Name             Origin             Length             Attributes
FLASH            0x0000000010000000 0x0000000000200000 xr
RAM              0x0000000020000000 0x0000000000040000 xrw
SCRATCH_X        0x0000000020040000 0x0000000000001000 xrw
SCRATCH_Y        0x0000000020041000 0x0000000000001000 xrw
*default*        0x0000000000000000 0xffffffffffffffff

Linker script and memory map

LOAD /usr/lib/gcc/arm-none-eabi/9.2.1/thumb/v6-m/nofp/crti.o
LOAD /usr/lib/gcc/arm-none-eabi/9.2.1/thumb/v6-m/nofp/crtbegin.o
LOAD /usr/lib/gcc/arm-none-eabi/9.2.1/../../../arm-none-eabi/lib/thumb/v6-m/nofp/crt0.o

.flash_begin    0x0000000010000000        0x0
                0x0000000010000000                __flash_binary_start = .

.boot2          0x0000000010000000      0x100
                0x0000000010000000                __boot2_start__ = .
 *(.boot2)
 .boot2         0x0000000010000000      0x100 /tmp/ccUWp0SO.o
                0x0000000010000100                __boot2_end__ = .
                0x0000000000000001                ASSERT (((__boot2_end__ - __boot2_start__) == 0x100), ERROR: Pico second stage bootloader must be 256 bytes in size)

.text           0x0000000010000100     0x2b70
                0x0000000010000100                __logical_binary_start = .
 *(.vectors)
 .vectors       0x0000000010000100       0xd4 CMakeFiles/simple_vga.dir/home/keyvin/pico-sdk/src/rp2_common/pico_standard_link/crt0.S.obj
                0x0000000010000100                __vectors
                0x0000000010000100                __VECTOR_TABLE
                0x00000000100001c0                isr_invalid
                0x00000000100001c0                __default_isrs_start
                0x00000000100001c2                isr_nmi
                0x00000000100001c4                isr_hardfault
                0x00000000100001c6                isr_svcall
                0x00000000100001c8                isr_pendsv
                0x00000000100001ca                isr_systick
                0x00000000100001cc                isr_irq30
                0x00000000100001cc                __unhandled_user_irq
                0x00000000100001cc                isr_irq13
                0x00000000100001cc                isr_irq27
                0x00000000100001cc                isr_irq31
                0x00000000100001cc                isr_irq5
                0x00000000100001cc                isr_irq11
                0x00000000100001cc                isr_irq23
                0x00000000100001cc                isr_irq18
                0x00000000100001cc                isr_irq28
                0x00000000100001cc                isr_irq19
                0x00000000100001cc                isr_irq0
                0x00000000100001cc                isr_irq6
                0x00000000100001cc                isr_irq22
                0x00000000100001cc                isr_irq17
                0x00000000100001cc                isr_irq14
                0x00000000100001cc                isr_irq2
                0x00000000100001cc                isr_irq10
                0x00000000100001cc                isr_irq8
                0x00000000100001cc                isr_irq24
                0x00000000100001cc                isr_irq1
                0x00000000100001cc                isr_irq7
                0x00000000100001cc                isr_irq21
                0x00000000100001cc                isr_irq20
                0x00000000100001cc                isr_irq15
                0x00000000100001cc                isr_irq25
                0x00000000100001cc                isr_irq4
                0x00000000100001cc                isr_irq16
                0x00000000100001cc                isr_irq29
                0x00000000100001cc                isr_irq26
                0x00000000100001cc                __default_isrs_end
                0x00000000100001cc                isr_irq3
                0x00000000100001cc                isr_irq12
                0x00000000100001cc                isr_irq9
                0x00000000100001d2                unhandled_user_irq_num_in_r0
 *(.binary_info_header)
 .binary_info_header
                0x00000000100001d4       0x14 CMakeFiles/simple_vga.dir/home/keyvin/pico-sdk/src/rp2_common/pico_standard_link/crt0.S.obj
                0x00000000100001e8                __binary_info_header_end = .
 *(.reset)
 .reset         0x00000000100001e8       0xa8 CMakeFiles/simple_vga.dir/home/keyvin/pico-sdk/src/rp2_common/pico_standard_link/crt0.S.obj
                0x00000000100001e8                _entry_point
                0x0000000010000266                __get_current_exception
 .reset         0x0000000010000290       0x30 CMakeFiles/simple_vga.dir/home/keyvin/pico-sdk/src/rp2_common/pico_standard_link/binary_info.c.obj
 *(.init)
 .init          0x00000000100002c0        0x4 /usr/lib/gcc/arm-none-eabi/9.2.1/thumb/v6-m/nofp/crti.o
                0x00000000100002c0                _init
 *(EXCLUDE_FILE(*libm.a: *libc.a:*lib_a-mem*.o *libgcc.a:) .text*)
 .text          0x00000000100002c4       0x98 /usr/lib/gcc/arm-none-eabi/9.2.1/thumb/v6-m/nofp/crtbegin.o
 .text.fill_scan
                0x000000001000035c       0x60 CMakeFiles/simple_vga.dir/vga_charrom.c.obj
                0x000000001000035c                fill_scan
 .text.generate_rgb_scan
                0x00000000100003bc       0x6c CMakeFiles/simple_vga.dir/vga_charrom.c.obj
                0x00000000100003bc                generate_rgb_scan
 .text.generate_vsync_scan
                0x0000000010000428       0x4c CMakeFiles/simple_vga.dir/vga_charrom.c.obj
                0x0000000010000428                generate_vsync_scan
 .text.startup.main
                0x0000000010000474      0x414 CMakeFiles/simple_vga.dir/vga_charrom.c.obj
                0x0000000010000474                main
 .text.set_sys_clock_pll
                0x0000000010000888       0x78 CMakeFiles/simple_vga.dir/home/keyvin/pico-sdk/src/rp2_common/pico_stdlib/stdlib.c.obj
                0x0000000010000888                set_sys_clock_pll
 .text.check_sys_clock_khz
                0x0000000010000900      0x16c CMakeFiles/simple_vga.dir/home/keyvin/pico-sdk/src/rp2_common/pico_stdlib/stdlib.c.obj
                0x0000000010000900                check_sys_clock_khz
 .text.gpio_set_function
                0x0000000010000a6c       0x30 CMakeFiles/simple_vga.dir/home/keyvin/pico-sdk/src/rp2_common/hardware_gpio/gpio.c.obj
                0x0000000010000a6c                gpio_set_function
 .text.hw_claim_lock
                0x0000000010000a9c       0x18 CMakeFiles/simple_vga.dir/home/keyvin/pico-sdk/src/rp2_common/hardware_claim/claim.c.obj
                0x0000000010000a9c                hw_claim_lock
 .text.hw_claim_unlock
                0x0000000010000ab4       0x14 CMakeFiles/simple_vga.dir/home/keyvin/pico-sdk/src/rp2_common/hardware_claim/claim.c.obj
                0x0000000010000ab4                hw_claim_unlock
 .text.hw_claim_or_assert
                0x0000000010000ac8       0x48 CMakeFiles/simple_vga.dir/home/keyvin/pico-sdk/src/rp2_common/hardware_claim/claim.c.obj
                0x0000000010000ac8                hw_claim_or_assert
 .text.hw_claim_unused_from_range
                0x0000000010000b10       0x9c CMakeFiles/simple_vga.dir/home/keyvin/pico-sdk/src/rp2_common/hardware_claim/claim.c.obj
                0x0000000010000b10                hw_claim_unused_from_range
 .text.running_on_fpga
                0x0000000010000bac       0x10 CMakeFiles/simple_vga.dir/home/keyvin/pico-sdk/src/rp2_common/pico_platform/platform.c.obj
                0x0000000010000bac                running_on_fpga
 .text.spin_locks_reset
                0x0000000010000bbc       0x1c CMakeFiles/simple_vga.dir/home/keyvin/pico-sdk/src/rp2_common/hardware_sync/sync.c.obj
                0x0000000010000bbc                spin_locks_reset
 .text.next_striped_spin_lock_num
                0x0000000010000bd8       0x18 CMakeFiles/simple_vga.dir/home/keyvin/pico-sdk/src/rp2_common/hardware_sync/sync.c.obj
                0x0000000010000bd8                next_striped_spin_lock_num
 .text.timer_pool_entry_comparator
                0x0000000010000bf0       0x34 CMakeFiles/simple_vga.dir/home/keyvin/pico-sdk/src/common/pico_time/time.c.obj
                0x0000000010000bf0                timer_pool_entry_comparator
 .text.add_alarm_under_lock
                0x0000000010000c24      0x108 CMakeFiles/simple_vga.dir/home/keyvin/pico-sdk/src/common/pico_time/time.c.obj
 .text.alarm_pool_alarm_callback
                0x0000000010000d2c      0x1c8 CMakeFiles/simple_vga.dir/home/keyvin/pico-sdk/src/common/pico_time/time.c.obj
 .text.alarm_pool_init_default
                0x0000000010000ef4       0x64 CMakeFiles/simple_vga.dir/home/keyvin/pico-sdk/src/common/pico_time/time.c.obj
                0x0000000010000ef4                alarm_pool_init_default
 .text.hardware_alarm_irq_handler
                0x0000000010000f58       0xb8 CMakeFiles/simple_vga.dir/home/keyvin/pico-sdk/src/rp2_common/hardware_timer/timer.c.obj
 .text.hardware_alarm_claim
                0x0000000010001010       0x18 CMakeFiles/simple_vga.dir/home/keyvin/pico-sdk/src/rp2_common/hardware_timer/timer.c.obj
                0x0000000010001010                hardware_alarm_claim
 .text.time_us_64
                0x0000000010001028       0x14 CMakeFiles/simple_vga.dir/home/keyvin/pico-sdk/src/rp2_common/hardware_timer/timer.c.obj
                0x0000000010001028                time_us_64
 .text.hardware_alarm_set_callback
                0x000000001000103c       0x8c CMakeFiles/simple_vga.dir/home/keyvin/pico-sdk/src/rp2_common/hardware_timer/timer.c.obj
                0x000000001000103c                hardware_alarm_set_callback
 .text.hardware_alarm_set_target
                0x00000000100010c8       0xe4 CMakeFiles/simple_vga.dir/home/keyvin/pico-sdk/src/rp2_common/hardware_timer/timer.c.obj
                0x00000000100010c8                hardware_alarm_set_target
 .text.hardware_alarm_cancel
                0x00000000100011ac       0x40 CMakeFiles/simple_vga.dir/home/keyvin/pico-sdk/src/rp2_common/hardware_timer/timer.c.obj
                0x00000000100011ac                hardware_alarm_cancel
 .text.lock_init
                0x00000000100011ec       0x10 CMakeFiles/simple_vga.dir/home/keyvin/pico-sdk/src/common/pico_sync/lock_core.c.obj
                0x00000000100011ec                lock_init
 .text.mutex_init
                0x00000000100011fc       0x1c CMakeFiles/simple_vga.dir/home/keyvin/pico-sdk/src/common/pico_sync/mutex.c.obj
                0x00000000100011fc                mutex_init
 .text.recursive_mutex_init
                0x0000000010001218       0x1c CMakeFiles/simple_vga.dir/home/keyvin/pico-sdk/src/common/pico_sync/mutex.c.obj
                0x0000000010001218                recursive_mutex_init
 .text.ph_merge_nodes
                0x0000000010001234       0x68 CMakeFiles/simple_vga.dir/home/keyvin/pico-sdk/src/common/pico_util/pheap.c.obj
 .text.ph_post_alloc_init
                0x000000001000129c       0x3c CMakeFiles/simple_vga.dir/home/keyvin/pico-sdk/src/common/pico_util/pheap.c.obj
                0x000000001000129c                ph_post_alloc_init
 .text.ph_merge_two_pass
                0x00000000100012d8       0x90 CMakeFiles/simple_vga.dir/home/keyvin/pico-sdk/src/common/pico_util/pheap.c.obj
                0x00000000100012d8                ph_merge_two_pass
 .text.ph_remove_any_head
                0x0000000010001368       0xf8 CMakeFiles/simple_vga.dir/home/keyvin/pico-sdk/src/common/pico_util/pheap.c.obj
 .text.ph_remove_head
                0x0000000010001460      0x13c CMakeFiles/simple_vga.dir/home/keyvin/pico-sdk/src/common/pico_util/pheap.c.obj
                0x0000000010001460                ph_remove_head
 .text.ph_remove_and_free_node
                0x000000001000159c       0x7c CMakeFiles/simple_vga.dir/home/keyvin/pico-sdk/src/common/pico_util/pheap.c.obj
                0x000000001000159c                ph_remove_and_free_node
 .text.runtime_init
                0x0000000010001618       0xf0 CMakeFiles/simple_vga.dir/home/keyvin/pico-sdk/src/rp2_common/pico_runtime/runtime.c.obj
                0x0000000010001618                runtime_init
 .text.exit     0x0000000010001708        0x4 CMakeFiles/simple_vga.dir/home/keyvin/pico-sdk/src/rp2_common/pico_runtime/runtime.c.obj
                0x0000000010001708                exit
 .text.panic    0x000000001000170c       0x30 CMakeFiles/simple_vga.dir/home/keyvin/pico-sdk/src/rp2_common/pico_runtime/runtime.c.obj
                0x000000001000170c                panic
 .text.hard_assertion_failure
                0x000000001000173c        0xc CMakeFiles/simple_vga.dir/home/keyvin/pico-sdk/src/rp2_common/pico_runtime/runtime.c.obj
                0x000000001000173c                hard_assertion_failure
 .text.clock_configure
                0x0000000010001748      0x114 CMakeFiles/simple_vga.dir/home/keyvin/pico-sdk/src/rp2_common/hardware_clocks/clocks.c.obj
                0x0000000010001748                clock_configure
 .text.clocks_init
                0x000000001000185c      0x2bc CMakeFiles/simple_vga.dir/home/keyvin/pico-sdk/src/rp2_common/hardware_clocks/clocks.c.obj
                0x000000001000185c                clocks_init
 .text.clock_get_hz
                0x0000000010001b18        0xc CMakeFiles/simple_vga.dir/home/keyvin/pico-sdk/src/rp2_common/hardware_clocks/clocks.c.obj
                0x0000000010001b18                clock_get_hz
 .text.irq_set_enabled
                0x0000000010001b24       0x24 CMakeFiles/simple_vga.dir/home/keyvin/pico-sdk/src/rp2_common/hardware_irq/irq.c.obj
                0x0000000010001b24                irq_set_enabled
 .text.irq_get_vtable_handler
                0x0000000010001b48       0x10 CMakeFiles/simple_vga.dir/home/keyvin/pico-sdk/src/rp2_common/hardware_irq/irq.c.obj
                0x0000000010001b48                irq_get_vtable_handler
 .text.irq_set_exclusive_handler
                0x0000000010001b58       0x54 CMakeFiles/simple_vga.dir/home/keyvin/pico-sdk/src/rp2_common/hardware_irq/irq.c.obj
                0x0000000010001b58                irq_set_exclusive_handler
 .text.irq_remove_handler
                0x0000000010001bac      0x1b8 CMakeFiles/simple_vga.dir/home/keyvin/pico-sdk/src/rp2_common/hardware_irq/irq.c.obj
                0x0000000010001bac                irq_remove_handler
 .text.irq_add_tail_to_free_list
                0x0000000010001d64       0xb8 CMakeFiles/simple_vga.dir/home/keyvin/pico-sdk/src/rp2_common/hardware_irq/irq.c.obj
                0x0000000010001d64                irq_add_tail_to_free_list
 .text.irq_init_priorities
                0x0000000010001e1c       0x24 CMakeFiles/simple_vga.dir/home/keyvin/pico-sdk/src/rp2_common/hardware_irq/irq.c.obj
                0x0000000010001e1c                irq_init_priorities
 .text.pll_init
                0x0000000010001e40       0xa4 CMakeFiles/simple_vga.dir/home/keyvin/pico-sdk/src/rp2_common/hardware_pll/pll.c.obj
                0x0000000010001e40                pll_init
 .text.watchdog_start_tick
                0x0000000010001ee4       0x10 CMakeFiles/simple_vga.dir/home/keyvin/pico-sdk/src/rp2_common/hardware_watchdog/watchdog.c.obj
                0x0000000010001ee4                watchdog_start_tick
 .text.xosc_init
                0x0000000010001ef4       0x28 CMakeFiles/simple_vga.dir/home/keyvin/pico-sdk/src/rp2_common/hardware_xosc/xosc.c.obj
                0x0000000010001ef4                xosc_init
 .text._out_char
                0x0000000010001f1c       0x10 CMakeFiles/simple_vga.dir/home/keyvin/pico-sdk/src/rp2_common/pico_printf/printf.c.obj
 .text.weak_raw_vprintf
                0x0000000010001f2c       0x30 CMakeFiles/simple_vga.dir/home/keyvin/pico-sdk/src/rp2_common/pico_printf/printf.c.obj
                0x0000000010001f2c                weak_raw_vprintf
 .text          0x0000000010001f5c       0x10 CMakeFiles/simple_vga.dir/home/keyvin/pico-sdk/src/rp2_common/pico_bit_ops/bit_ops_aeabi.S.obj
 .text.rom_func_lookup
                0x0000000010001f6c       0x10 CMakeFiles/simple_vga.dir/home/keyvin/pico-sdk/src/rp2_common/pico_bootrom/bootrom.c.obj
                0x0000000010001f6c                rom_func_lookup
 .text.rom_data_lookup
                0x0000000010001f7c       0x10 CMakeFiles/simple_vga.dir/home/keyvin/pico-sdk/src/rp2_common/pico_bootrom/bootrom.c.obj
                0x0000000010001f7c                rom_data_lookup
 .text.rom_funcs_lookup
                0x0000000010001f8c       0x3c CMakeFiles/simple_vga.dir/home/keyvin/pico-sdk/src/rp2_common/pico_bootrom/bootrom.c.obj
                0x0000000010001f8c                rom_funcs_lookup
 .text.__wrap___aeabi_idiv
                0x0000000010001fc8       0x50 CMakeFiles/simple_vga.dir/home/keyvin/pico-sdk/src/rp2_common/pico_divider/divider.S.obj
                0x0000000010001fc8                __wrap___aeabi_idivmod
                0x0000000010001fc8                divmod_s32s32
                0x0000000010001fc8                div_s32s32
                0x0000000010001fc8                __wrap___aeabi_idiv
                0x0000000010001fd0                divmod_s32s32_unsafe
                0x0000000010001ffc                divmod_s32s32_savestate
 .text.__wrap___aeabi_uidiv
                0x0000000010002018       0x4c CMakeFiles/simple_vga.dir/home/keyvin/pico-sdk/src/rp2_common/pico_divider/divider.S.obj
                0x0000000010002018                __wrap___aeabi_uidiv
                0x0000000010002018                __wrap___aeabi_uidivmod
                0x0000000010002018                div_u32u32
                0x0000000010002018                divmod_u32u32
                0x0000000010002020                divmod_u32u32_unsafe
                0x0000000010002048                divmod_u32u32_savestate
 .text.__wrap___aeabi_ldiv
                0x0000000010002064      0x434 CMakeFiles/simple_vga.dir/home/keyvin/pico-sdk/src/rp2_common/pico_divider/divider.S.obj
                0x0000000010002064                div_s64s64
                0x0000000010002064                divmod_s64s64
                0x0000000010002064                __wrap___aeabi_ldivmod
                0x000000001000209c                div_u64u64
                0x000000001000209c                divmod_u64u64
                0x000000001000209c                __wrap___aeabi_uldivmod
                0x00000000100020ac                divmod_u64u64_savestate
                0x00000000100020d4                divmod_s64s64_unsafe
                0x000000001000215c                divmod_u64u64_unsafe
 .text.__aeabi_double_init
                0x0000000010002498       0xc0 CMakeFiles/simple_vga.dir/home/keyvin/pico-sdk/src/rp2_common/pico_double/double_init_rom.c.obj
                0x0000000010002498                __aeabi_double_init
 .text.double_table_shim_on_use_helper
                0x0000000010002558       0x2c CMakeFiles/simple_vga.dir/home/keyvin/pico-sdk/src/rp2_common/pico_double/double_v1_rom_shim.S.obj
                0x0000000010002558                double_table_shim_on_use_helper
 .text.__wrap___aeabi_farithmetic
                0x0000000010002584       0x48 CMakeFiles/simple_vga.dir/home/keyvin/pico-sdk/src/rp2_common/pico_float/float_aeabi.S.obj
                0x0000000010002584                __wrap___aeabi_frsub
                0x000000001000258a                __wrap___aeabi_fsub
                0x0000000010002590                __wrap___aeabi_fadd
                0x0000000010002596                __wrap___aeabi_fdiv
                0x00000000100025be                __wrap___aeabi_fmul
 .text.__wrap___aeabi_ui2f
                0x00000000100025cc        0xa CMakeFiles/simple_vga.dir/home/keyvin/pico-sdk/src/rp2_common/pico_float/float_aeabi.S.obj
                0x00000000100025cc                __wrap___aeabi_ui2f
 *fill*         0x00000000100025d6        0x2 
 .text.__wrap___aeabi_i2f
                0x00000000100025d8       0x44 CMakeFiles/simple_vga.dir/home/keyvin/pico-sdk/src/rp2_common/pico_float/float_aeabi.S.obj
                0x00000000100025d8                __wrap___aeabi_i2f
 .text.__wrap___aeabi_f2uiz
                0x000000001000261c        0xc CMakeFiles/simple_vga.dir/home/keyvin/pico-sdk/src/rp2_common/pico_float/float_aeabi.S.obj
                0x000000001000261c                __wrap___aeabi_f2uiz
 .text.__aeabi_float_init
                0x0000000010002628       0x64 CMakeFiles/simple_vga.dir/home/keyvin/pico-sdk/src/rp2_common/pico_float/float_init_rom.c.obj
                0x0000000010002628                __aeabi_float_init
 .text.float_table_shim_on_use_helper
                0x000000001000268c       0x2c CMakeFiles/simple_vga.dir/home/keyvin/pico-sdk/src/rp2_common/pico_float/float_v1_rom_shim.S.obj
                0x000000001000268c                float_table_shim_on_use_helper
 .text          0x00000000100026b8       0x10 CMakeFiles/simple_vga.dir/home/keyvin/pico-sdk/src/rp2_common/pico_mem_ops/mem_ops_aeabi.S.obj
                0x00000000100026b8                __aeabi_mem_init
 .text.memset   0x00000000100026c8        0xc CMakeFiles/simple_vga.dir/home/keyvin/pico-sdk/src/rp2_common/pico_mem_ops/mem_ops_aeabi.S.obj
                0x00000000100026c8                __wrap_memset
 .text.memcpy   0x00000000100026d4        0xc CMakeFiles/simple_vga.dir/home/keyvin/pico-sdk/src/rp2_common/pico_mem_ops/mem_ops_aeabi.S.obj
                0x00000000100026d4                __wrap___aeabi_memcpy
                0x00000000100026d4                __wrap_memcpy
 .text.stdio_out_chars_no_crlf
                0x00000000100026e0       0x10 CMakeFiles/simple_vga.dir/home/keyvin/pico-sdk/src/rp2_common/pico_stdio/stdio.c.obj
 .text.stdio_out_chars_crlf
                0x00000000100026f0       0x94 CMakeFiles/simple_vga.dir/home/keyvin/pico-sdk/src/rp2_common/pico_stdio/stdio.c.obj
 .text.stdio_put_string
                0x0000000010002784      0x100 CMakeFiles/simple_vga.dir/home/keyvin/pico-sdk/src/rp2_common/pico_stdio/stdio.c.obj
 .text.__wrap_putchar
                0x0000000010002884       0xa4 CMakeFiles/simple_vga.dir/home/keyvin/pico-sdk/src/rp2_common/pico_stdio/stdio.c.obj
                0x0000000010002884                __wrap_putchar
 .text.__wrap_puts
                0x0000000010002928       0x3c CMakeFiles/simple_vga.dir/home/keyvin/pico-sdk/src/rp2_common/pico_stdio/stdio.c.obj
                0x0000000010002928                __wrap_puts
 .text.pio_claim_unused_sm
                0x0000000010002964       0x3c CMakeFiles/simple_vga.dir/home/keyvin/pico-sdk/src/rp2_common/hardware_pio/pio.c.obj
                0x0000000010002964                pio_claim_unused_sm
 .text.pio_add_program
                0x00000000100029a0       0xe4 CMakeFiles/simple_vga.dir/home/keyvin/pico-sdk/src/rp2_common/hardware_pio/pio.c.obj
                0x00000000100029a0                pio_add_program
 .text.pio_sm_set_consecutive_pindirs
                0x0000000010002a84       0x88 CMakeFiles/simple_vga.dir/home/keyvin/pico-sdk/src/rp2_common/hardware_pio/pio.c.obj
                0x0000000010002a84                pio_sm_set_consecutive_pindirs
 .text.pio_sm_init
                0x0000000010002b0c       0x90 CMakeFiles/simple_vga.dir/home/keyvin/pico-sdk/src/rp2_common/hardware_pio/pio.c.obj
                0x0000000010002b0c                pio_sm_init
 .text.dma_claim_unused_channel
                0x0000000010002b9c       0x20 CMakeFiles/simple_vga.dir/home/keyvin/pico-sdk/src/rp2_common/hardware_dma/dma.c.obj
                0x0000000010002b9c                dma_claim_unused_channel
 .text          0x0000000010002bbc       0x5c /usr/lib/gcc/arm-none-eabi/9.2.1/../../../arm-none-eabi/lib/thumb/v6-m/nofp/libc.a(lib_a-strlen-stub.o)
                0x0000000010002bbc                strlen
 *(.fini)
 .fini          0x0000000010002c18        0x4 /usr/lib/gcc/arm-none-eabi/9.2.1/thumb/v6-m/nofp/crti.o
                0x0000000010002c18                _fini
 *fill*         0x0000000010002c1c        0x4 
 .fini.__stub   0x0000000010002c20       0x50 linker stubs
 *crtbegin.o(.ctors)
 *crtbegin?.o(.ctors)
 *(EXCLUDE_FILE(*crtend.o *crtend?.o) .ctors)
 *(SORT_BY_NAME(.ctors.*))
 *(.ctors)
 *crtbegin.o(.dtors)
 *crtbegin?.o(.dtors)
 *(EXCLUDE_FILE(*crtend.o *crtend?.o) .dtors)
 *(SORT_BY_NAME(.dtors.*))
 *(.dtors)
 *(.eh_frame*)
 .eh_frame      0x0000000010002c70        0x0 /usr/lib/gcc/arm-none-eabi/9.2.1/thumb/v6-m/nofp/crtbegin.o
                0x0000000010002c70                . = ALIGN (0x4)

.glue_7         0x0000000010002c70        0x0
 .glue_7        0x0000000010002c70        0x0 linker stubs

.glue_7t        0x0000000010002c70        0x0
 .glue_7t       0x0000000010002c70        0x0 linker stubs

.vfp11_veneer   0x0000000010002c70        0x0
 .vfp11_veneer  0x0000000010002c70        0x0 linker stubs

.v4_bx          0x0000000010002c70        0x0
 .v4_bx         0x0000000010002c70        0x0 linker stubs

.iplt           0x0000000010002c70        0x0
 .iplt          0x0000000010002c70        0x0 /usr/lib/gcc/arm-none-eabi/9.2.1/thumb/v6-m/nofp/crtbegin.o

.rodata         0x0000000010002c70      0x194
 *(EXCLUDE_FILE(*libm.a: *libc.a:*lib_a-mem*.o *libgcc.a:) .rodata*)
 .rodata.main.str1.4
                0x0000000010002c70       0x6a CMakeFiles/simple_vga.dir/vga_charrom.c.obj
 *fill*         0x0000000010002cda        0x2 
 .rodata.rgb_program
                0x0000000010002cdc        0x6 CMakeFiles/simple_vga.dir/vga_charrom.c.obj
 *fill*         0x0000000010002ce2        0x2 
 .rodata.rgb_program_instructions
                0x0000000010002ce4        0x8 CMakeFiles/simple_vga.dir/vga_charrom.c.obj
 .rodata.sync_program
                0x0000000010002cec        0x6 CMakeFiles/simple_vga.dir/vga_charrom.c.obj
 *fill*         0x0000000010002cf2        0x2 
 .rodata.sync_program_instructions
                0x0000000010002cf4        0xa CMakeFiles/simple_vga.dir/vga_charrom.c.obj
 *fill*         0x0000000010002cfe        0x2 
 .rodata.hardware_alarm_claim.str1.4
                0x0000000010002d00       0x22 CMakeFiles/simple_vga.dir/home/keyvin/pico-sdk/src/rp2_common/hardware_timer/timer.c.obj
 *fill*         0x0000000010002d22        0x2 
 .rodata.panic.str1.4
                0x0000000010002d24       0x12 CMakeFiles/simple_vga.dir/home/keyvin/pico-sdk/src/rp2_common/pico_runtime/runtime.c.obj
 *fill*         0x0000000010002d36        0x2 
 .rodata.hard_assertion_failure.str1.4
                0x0000000010002d38        0xc CMakeFiles/simple_vga.dir/home/keyvin/pico-sdk/src/rp2_common/pico_runtime/runtime.c.obj
 .rodata.str1.4
                0x0000000010002d44       0x40 CMakeFiles/simple_vga.dir/home/keyvin/pico-sdk/src/rp2_common/pico_standard_link/binary_info.c.obj
 .rodata.__bi_44
                0x0000000010002d84        0xc CMakeFiles/simple_vga.dir/home/keyvin/pico-sdk/src/rp2_common/pico_standard_link/binary_info.c.obj
 .rodata.__bi_75
                0x0000000010002d90        0xc CMakeFiles/simple_vga.dir/home/keyvin/pico-sdk/src/rp2_common/pico_standard_link/binary_info.c.obj
 .rodata.__bi_81
                0x0000000010002d9c        0xc CMakeFiles/simple_vga.dir/home/keyvin/pico-sdk/src/rp2_common/pico_standard_link/binary_info.c.obj
 .rodata.crlf_str.5899
                0x0000000010002da8        0x2 CMakeFiles/simple_vga.dir/home/keyvin/pico-sdk/src/rp2_common/pico_stdio/stdio.c.obj
 *fill*         0x0000000010002daa        0x2 
 .rodata.pio_claim_unused_sm.str1.4
                0x0000000010002dac       0x24 CMakeFiles/simple_vga.dir/home/keyvin/pico-sdk/src/rp2_common/hardware_pio/pio.c.obj
 .rodata.pio_add_program.str1.4
                0x0000000010002dd0       0x11 CMakeFiles/simple_vga.dir/home/keyvin/pico-sdk/src/rp2_common/hardware_pio/pio.c.obj
 *fill*         0x0000000010002de1        0x3 
 .rodata.dma_claim_unused_channel.str1.4
                0x0000000010002de4       0x1e CMakeFiles/simple_vga.dir/home/keyvin/pico-sdk/src/rp2_common/hardware_dma/dma.c.obj
                0x0000000010002e04                . = ALIGN (0x4)
 *fill*         0x0000000010002e02        0x2 
 *(SORT_BY_ALIGNMENT(SORT_BY_NAME(.flashdata*)))
                0x0000000010002e04                . = ALIGN (0x4)

.rel.dyn        0x0000000010002e04        0x0
 .rel.iplt      0x0000000010002e04        0x0 /usr/lib/gcc/arm-none-eabi/9.2.1/thumb/v6-m/nofp/crtbegin.o

.ARM.extab
 *(.ARM.extab* .gnu.linkonce.armextab.*)
                0x0000000010002e04                __exidx_start = .

.ARM.exidx
 *(.ARM.exidx* .gnu.linkonce.armexidx.*)
                0x0000000010002e04                __exidx_end = .
                0x0000000010002e04                . = ALIGN (0x4)
                0x0000000010002e04                __binary_info_start = .

.binary_info    0x0000000010002e04       0x1c
 *(.binary_info.keep.*)
 .binary_info.keep.__bi_ptr22
                0x0000000010002e04        0x4 CMakeFiles/simple_vga.dir/home/keyvin/pico-sdk/src/rp2_common/pico_standard_link/binary_info.c.obj
 .binary_info.keep.__bi_ptr30
                0x0000000010002e08        0x4 CMakeFiles/simple_vga.dir/home/keyvin/pico-sdk/src/rp2_common/pico_standard_link/binary_info.c.obj
 .binary_info.keep.__bi_ptr38
                0x0000000010002e0c        0x4 CMakeFiles/simple_vga.dir/home/keyvin/pico-sdk/src/rp2_common/pico_standard_link/binary_info.c.obj
 .binary_info.keep.__bi_ptr44
                0x0000000010002e10        0x4 CMakeFiles/simple_vga.dir/home/keyvin/pico-sdk/src/rp2_common/pico_standard_link/binary_info.c.obj
 .binary_info.keep.__bi_ptr50
                0x0000000010002e14        0x4 CMakeFiles/simple_vga.dir/home/keyvin/pico-sdk/src/rp2_common/pico_standard_link/binary_info.c.obj
 .binary_info.keep.__bi_ptr75
                0x0000000010002e18        0x4 CMakeFiles/simple_vga.dir/home/keyvin/pico-sdk/src/rp2_common/pico_standard_link/binary_info.c.obj
 .binary_info.keep.__bi_ptr81
                0x0000000010002e1c        0x4 CMakeFiles/simple_vga.dir/home/keyvin/pico-sdk/src/rp2_common/pico_standard_link/binary_info.c.obj
 *(.binary_info.*)
                0x0000000010002e20                __binary_info_end = .
                0x0000000010002e20                . = ALIGN (0x4)
                0x0000000010002e20                __etext = .

.ram_vector_table
                0x0000000020000000       0xc0
 *(.ram_vector_table)
 .ram_vector_table
                0x0000000020000000       0xc0 CMakeFiles/simple_vga.dir/home/keyvin/pico-sdk/src/rp2_common/pico_runtime/runtime.c.obj
                0x0000000020000000                ram_vector_table

.data           0x00000000200000c0     0x1174 load address 0x0000000010002e20
                0x00000000200000c0                __data_start__ = .
 *(vtable)
 *(.time_critical*)
 .time_critical.mutex_enter_blocking
                0x00000000200000c0       0x48 CMakeFiles/simple_vga.dir/home/keyvin/pico-sdk/src/common/pico_sync/mutex.c.obj
                0x00000000200000c0                mutex_enter_blocking
 .time_critical.mutex_try_enter
                0x0000000020000108       0x48 CMakeFiles/simple_vga.dir/home/keyvin/pico-sdk/src/common/pico_sync/mutex.c.obj
                0x0000000020000108                mutex_try_enter
 .time_critical.mutex_exit
                0x0000000020000150       0x28 CMakeFiles/simple_vga.dir/home/keyvin/pico-sdk/src/common/pico_sync/mutex.c.obj
                0x0000000020000150                mutex_exit
 *(.text*)
 .text          0x0000000020000178        0x4 /usr/lib/gcc/arm-none-eabi/9.2.1/thumb/v6-m/nofp/libgcc.a(_dvmd_tls.o)
                0x0000000020000178                __aeabi_ldiv0
                0x0000000020000178                __aeabi_idiv0
                0x000000002000017c                . = ALIGN (0x4)
 *(.rodata*)
                0x000000002000017c                . = ALIGN (0x4)
 *(.data*)
 .data.VGA8_F16
                0x000000002000017c     0x1000 CMakeFiles/simple_vga.dir/vga_charrom.c.obj
                0x000000002000017c                VGA8_F16
 .data.striped_spin_lock_num
                0x000000002000117c        0x1 CMakeFiles/simple_vga.dir/home/keyvin/pico-sdk/src/rp2_common/hardware_sync/sync.c.obj
 *fill*         0x000000002000117d        0x3 
 .data.default_alarm_pool
                0x0000000020001180       0x18 CMakeFiles/simple_vga.dir/home/keyvin/pico-sdk/src/common/pico_time/time.c.obj
 .data.default_alarm_pool_heap
                0x0000000020001198       0x10 CMakeFiles/simple_vga.dir/home/keyvin/pico-sdk/src/common/pico_time/time.c.obj
 .data          0x00000000200011a8       0x48 CMakeFiles/simple_vga.dir/home/keyvin/pico-sdk/src/rp2_common/hardware_irq/irq_handler_chain.S.obj
                0x00000000200011a8                irq_handler_chain_slots
                0x00000000200011d8                irq_handler_chain_first_slot
                0x00000000200011e2                irq_handler_chain_remove_tail
 .data.aeabi_bits_funcs
                0x00000000200011f0       0x10 CMakeFiles/simple_vga.dir/home/keyvin/pico-sdk/src/rp2_common/pico_bit_ops/bit_ops_aeabi.S.obj
                0x00000000200011f0                aeabi_bits_funcs
                0x0000000020001200                aeabi_bits_funcs_end
 .data.aeabi_mem_funcs
                0x0000000020001200       0x10 CMakeFiles/simple_vga.dir/home/keyvin/pico-sdk/src/rp2_common/pico_mem_ops/mem_ops_aeabi.S.obj
                0x0000000020001200                aeabi_mem_funcs
                0x0000000020001210                aeabi_mem_funcs_end
                0x0000000020001210                . = ALIGN (0x4)
 *(.after_data.*)
                0x0000000020001210                . = ALIGN (0x4)
                0x0000000020001210                PROVIDE (__mutex_array_start = .)
 *(SORT_BY_NAME(.mutex_array.*))
 *(.mutex_array)
 .mutex_array   0x0000000020001210        0x8 CMakeFiles/simple_vga.dir/home/keyvin/pico-sdk/src/rp2_common/pico_malloc/pico_malloc.c.obj
 .mutex_array   0x0000000020001218        0x8 CMakeFiles/simple_vga.dir/home/keyvin/pico-sdk/src/rp2_common/pico_stdio/stdio.c.obj
                0x0000000020001220                PROVIDE (__mutex_array_end = .)
                0x0000000020001220                . = ALIGN (0x4)
                0x0000000020001220                PROVIDE (__preinit_array_start = .)
 *(SORT_BY_NAME(.preinit_array.*))
 .preinit_array.00001
                0x0000000020001220        0x4 CMakeFiles/simple_vga.dir/home/keyvin/pico-sdk/src/rp2_common/pico_mem_ops/mem_ops_aeabi.S.obj
 .preinit_array.00010
                0x0000000020001224        0x4 CMakeFiles/simple_vga.dir/home/keyvin/pico-sdk/src/rp2_common/pico_bit_ops/bit_ops_aeabi.S.obj
 .preinit_array.00020
                0x0000000020001228        0x4 CMakeFiles/simple_vga.dir/home/keyvin/pico-sdk/src/rp2_common/pico_double/double_aeabi.S.obj
 .preinit_array.00020
                0x000000002000122c        0x4 CMakeFiles/simple_vga.dir/home/keyvin/pico-sdk/src/rp2_common/pico_float/float_aeabi.S.obj
 *(.preinit_array)
                0x0000000020001230                PROVIDE (__preinit_array_end = .)
                0x0000000020001230                . = ALIGN (0x4)
                0x0000000020001230                PROVIDE (__init_array_start = .)
 *(SORT_BY_NAME(.init_array.*))
 *(.init_array)
 .init_array    0x0000000020001230        0x4 /usr/lib/gcc/arm-none-eabi/9.2.1/thumb/v6-m/nofp/crtbegin.o
                0x0000000020001234                PROVIDE (__init_array_end = .)
                0x0000000020001234                . = ALIGN (0x4)
                0x0000000020001234                PROVIDE (__fini_array_start = .)
 *(SORT_BY_NAME(.fini_array.*))
 *(.fini_array)
                0x0000000020001234                PROVIDE (__fini_array_end = .)
 *(.jcr)
                0x0000000020001234                . = ALIGN (0x4)
                0x0000000020001234                __data_end__ = .

.tm_clone_table
                0x0000000020001234        0x0 load address 0x0000000010003f94
 .tm_clone_table
                0x0000000020001234        0x0 /usr/lib/gcc/arm-none-eabi/9.2.1/thumb/v6-m/nofp/crtbegin.o
 .tm_clone_table
                0x0000000020001234        0x0 /usr/lib/gcc/arm-none-eabi/9.2.1/thumb/v6-m/nofp/crtend.o

.igot.plt       0x0000000020001234        0x0 load address 0x0000000010003f94
 .igot.plt      0x0000000020001234        0x0 /usr/lib/gcc/arm-none-eabi/9.2.1/thumb/v6-m/nofp/crtbegin.o

.uninitialized_data
                0x0000000020001234        0x0 load address 0x0000000010003f94
                0x0000000020001234                . = ALIGN (0x4)
 *(.uninitialized_data*)

.scratch_x      0x0000000020040000        0x0 load address 0x0000000010003f94
                0x0000000020040000                __scratch_x_start__ = .
 *(.scratch_x.*)
                0x0000000020040000                . = ALIGN (0x4)
                0x0000000020040000                __scratch_x_end__ = .
                0x0000000010003f94                __scratch_x_source__ = LOADADDR (.scratch_x)

.scratch_y      0x0000000020041000        0x0 load address 0x0000000010003f94
                0x0000000020041000                __scratch_y_start__ = .
 *(.scratch_y.*)
                0x0000000020041000                . = ALIGN (0x4)
                0x0000000020041000                __scratch_y_end__ = .
                0x0000000010003f94                __scratch_y_source__ = LOADADDR (.scratch_y)

.bss            0x0000000020001238     0x6008
                0x0000000020001238                . = ALIGN (0x4)
                0x0000000020001238                __bss_start__ = .
 *(SORT_BY_ALIGNMENT(SORT_BY_NAME(.bss*)))
 .bss.default_alarm_pool_entries
                0x0000000020001238      0x100 CMakeFiles/simple_vga.dir/home/keyvin/pico-sdk/src/common/pico_time/time.c.obj
 .bss           0x0000000020001338       0x1c /usr/lib/gcc/arm-none-eabi/9.2.1/thumb/v6-m/nofp/crtbegin.o
 .bss._used_instruction_space
                0x0000000020001354        0x8 CMakeFiles/simple_vga.dir/home/keyvin/pico-sdk/src/rp2_common/hardware_pio/pio.c.obj
 .bss.alarm_callbacks
                0x000000002000135c       0x10 CMakeFiles/simple_vga.dir/home/keyvin/pico-sdk/src/rp2_common/hardware_timer/timer.c.obj
 .bss.configured_freq
                0x000000002000136c       0x28 CMakeFiles/simple_vga.dir/home/keyvin/pico-sdk/src/rp2_common/hardware_clocks/clocks.c.obj
 .bss.default_alarm_pool_entry_ids_high
                0x0000000020001394       0x10 CMakeFiles/simple_vga.dir/home/keyvin/pico-sdk/src/common/pico_time/time.c.obj
 .bss.default_alarm_pool_heap_nodes
                0x00000000200013a4       0x30 CMakeFiles/simple_vga.dir/home/keyvin/pico-sdk/src/common/pico_time/time.c.obj
 .bss.drivers   0x00000000200013d4        0x4 CMakeFiles/simple_vga.dir/home/keyvin/pico-sdk/src/rp2_common/pico_stdio/stdio.c.obj
 .bss.filter    0x00000000200013d8        0x4 CMakeFiles/simple_vga.dir/home/keyvin/pico-sdk/src/rp2_common/pico_stdio/stdio.c.obj
 .bss.lazy_vsnprintf
                0x00000000200013dc        0x4 CMakeFiles/simple_vga.dir/home/keyvin/pico-sdk/src/rp2_common/pico_printf/printf.c.obj
 .bss.pools     0x00000000200013e0       0x10 CMakeFiles/simple_vga.dir/home/keyvin/pico-sdk/src/common/pico_time/time.c.obj
 .bss.sf_clz_func
                0x00000000200013f0        0x4 CMakeFiles/simple_vga.dir/home/keyvin/pico-sdk/src/rp2_common/pico_double/double_init_rom.c.obj
                0x00000000200013f0                sf_clz_func
 .bss.sleep_notifier
                0x00000000200013f4        0x4 CMakeFiles/simple_vga.dir/home/keyvin/pico-sdk/src/common/pico_time/time.c.obj
 .bss.target_hi
                0x00000000200013f8       0x10 CMakeFiles/simple_vga.dir/home/keyvin/pico-sdk/src/rp2_common/hardware_timer/timer.c.obj
 .bss._claimed  0x0000000020001408        0x2 CMakeFiles/simple_vga.dir/home/keyvin/pico-sdk/src/rp2_common/hardware_dma/dma.c.obj
 .bss.claimed   0x000000002000140a        0x1 CMakeFiles/simple_vga.dir/home/keyvin/pico-sdk/src/rp2_common/hardware_timer/timer.c.obj
 .bss.claimed   0x000000002000140b        0x1 CMakeFiles/simple_vga.dir/home/keyvin/pico-sdk/src/rp2_common/hardware_pio/pio.c.obj
 .bss.irq_hander_chain_free_slot_head
                0x000000002000140c        0x1 CMakeFiles/simple_vga.dir/home/keyvin/pico-sdk/src/rp2_common/hardware_irq/irq.c.obj
 .bss.timer_callbacks_pending
                0x000000002000140d        0x1 CMakeFiles/simple_vga.dir/home/keyvin/pico-sdk/src/rp2_common/hardware_timer/timer.c.obj
 *(COMMON)
 *fill*         0x000000002000140e        0x2 
 COMMON         0x0000000020001410     0x5c30 CMakeFiles/simple_vga.dir/vga_charrom.c.obj
                0x0000000020001410                RGB_buffer
                0x0000000020002090                background
                0x0000000020006b90                Vsync_buffer
                0x0000000020006c58                Hsync_buffer
                0x0000000020006d20                Vblank
 COMMON         0x0000000020007040      0x100 CMakeFiles/simple_vga.dir/home/keyvin/pico-sdk/src/rp2_common/pico_double/double_init_rom.c.obj
                0x0000000020007040                sd_table
 COMMON         0x0000000020007140      0x100 CMakeFiles/simple_vga.dir/home/keyvin/pico-sdk/src/rp2_common/pico_float/float_init_rom.c.obj
                0x0000000020007140                sf_table
                0x0000000020007240                . = ALIGN (0x4)
                0x0000000020007240                __bss_end__ = .

.heap           0x0000000020007240      0x800
                0x0000000020007240                __end__ = .
                0x0000000020007240                end = __end__
 *(.heap*)
 .heap          0x0000000020007240      0x800 CMakeFiles/simple_vga.dir/home/keyvin/pico-sdk/src/rp2_common/pico_standard_link/crt0.S.obj
                0x0000000020007a40                __HeapLimit = .

.stack1_dummy   0x0000000020040000        0x0
 *(.stack1*)

.stack_dummy    0x0000000020041000      0x800
 *(.stack*)
 .stack         0x0000000020041000      0x800 CMakeFiles/simple_vga.dir/home/keyvin/pico-sdk/src/rp2_common/pico_standard_link/crt0.S.obj

.flash_end      0x0000000010003f94        0x0
                0x0000000010003f94                __flash_binary_end = .
                0x0000000020040000                __StackLimit = (ORIGIN (RAM) + LENGTH (RAM))
                0x0000000020041000                __StackOneTop = (ORIGIN (SCRATCH_X) + LENGTH (SCRATCH_X))
                0x0000000020042000                __StackTop = (ORIGIN (SCRATCH_Y) + LENGTH (SCRATCH_Y))
                0x0000000020041000                __StackOneBottom = (__StackOneTop - SIZEOF (.stack1_dummy))
                0x0000000020041800                __StackBottom = (__StackTop - SIZEOF (.stack_dummy))
                0x0000000020042000                PROVIDE (__stack = __StackTop)
                0x0000000000000001                ASSERT ((__StackLimit >= __HeapLimit), region RAM overflowed)
                0x0000000000000001                ASSERT (((__binary_info_header_end - __logical_binary_start) <= 0x100), Binary info must be in first 256 bytes of the binary)
LOAD CMakeFiles/simple_vga.dir/vga_charrom.c.obj
LOAD CMakeFiles/simple_vga.dir/home/keyvin/pico-sdk/src/rp2_common/pico_stdlib/stdlib.c.obj
LOAD CMakeFiles/simple_vga.dir/home/keyvin/pico-sdk/src/rp2_common/hardware_gpio/gpio.c.obj
LOAD CMakeFiles/simple_vga.dir/home/keyvin/pico-sdk/src/rp2_common/hardware_claim/claim.c.obj
LOAD CMakeFiles/simple_vga.dir/home/keyvin/pico-sdk/src/rp2_common/pico_platform/platform.c.obj
LOAD CMakeFiles/simple_vga.dir/home/keyvin/pico-sdk/src/rp2_common/hardware_sync/sync.c.obj
LOAD CMakeFiles/simple_vga.dir/home/keyvin/pico-sdk/src/rp2_common/hardware_uart/uart.c.obj
LOAD CMakeFiles/simple_vga.dir/home/keyvin/pico-sdk/src/rp2_common/hardware_divider/divider.S.obj
LOAD CMakeFiles/simple_vga.dir/home/keyvin/pico-sdk/src/common/pico_time/time.c.obj
LOAD CMakeFiles/simple_vga.dir/home/keyvin/pico-sdk/src/common/pico_time/timeout_helper.c.obj
LOAD CMakeFiles/simple_vga.dir/home/keyvin/pico-sdk/src/rp2_common/hardware_timer/timer.c.obj
LOAD CMakeFiles/simple_vga.dir/home/keyvin/pico-sdk/src/common/pico_sync/sem.c.obj
LOAD CMakeFiles/simple_vga.dir/home/keyvin/pico-sdk/src/common/pico_sync/lock_core.c.obj
LOAD CMakeFiles/simple_vga.dir/home/keyvin/pico-sdk/src/common/pico_sync/mutex.c.obj
LOAD CMakeFiles/simple_vga.dir/home/keyvin/pico-sdk/src/common/pico_sync/critical_section.c.obj
LOAD CMakeFiles/simple_vga.dir/home/keyvin/pico-sdk/src/common/pico_util/datetime.c.obj
LOAD CMakeFiles/simple_vga.dir/home/keyvin/pico-sdk/src/common/pico_util/pheap.c.obj
LOAD CMakeFiles/simple_vga.dir/home/keyvin/pico-sdk/src/common/pico_util/queue.c.obj
LOAD CMakeFiles/simple_vga.dir/home/keyvin/pico-sdk/src/rp2_common/pico_runtime/runtime.c.obj
LOAD CMakeFiles/simple_vga.dir/home/keyvin/pico-sdk/src/rp2_common/hardware_clocks/clocks.c.obj
LOAD CMakeFiles/simple_vga.dir/home/keyvin/pico-sdk/src/rp2_common/hardware_irq/irq.c.obj
LOAD CMakeFiles/simple_vga.dir/home/keyvin/pico-sdk/src/rp2_common/hardware_irq/irq_handler_chain.S.obj
LOAD CMakeFiles/simple_vga.dir/home/keyvin/pico-sdk/src/rp2_common/hardware_pll/pll.c.obj
LOAD CMakeFiles/simple_vga.dir/home/keyvin/pico-sdk/src/rp2_common/hardware_vreg/vreg.c.obj
LOAD CMakeFiles/simple_vga.dir/home/keyvin/pico-sdk/src/rp2_common/hardware_watchdog/watchdog.c.obj
LOAD CMakeFiles/simple_vga.dir/home/keyvin/pico-sdk/src/rp2_common/hardware_xosc/xosc.c.obj
LOAD CMakeFiles/simple_vga.dir/home/keyvin/pico-sdk/src/rp2_common/pico_printf/printf.c.obj
LOAD CMakeFiles/simple_vga.dir/home/keyvin/pico-sdk/src/rp2_common/pico_bit_ops/bit_ops_aeabi.S.obj
LOAD CMakeFiles/simple_vga.dir/home/keyvin/pico-sdk/src/rp2_common/pico_bootrom/bootrom.c.obj
LOAD CMakeFiles/simple_vga.dir/home/keyvin/pico-sdk/src/rp2_common/pico_divider/divider.S.obj
LOAD CMakeFiles/simple_vga.dir/home/keyvin/pico-sdk/src/rp2_common/pico_double/double_aeabi.S.obj
LOAD CMakeFiles/simple_vga.dir/home/keyvin/pico-sdk/src/rp2_common/pico_double/double_init_rom.c.obj
LOAD CMakeFiles/simple_vga.dir/home/keyvin/pico-sdk/src/rp2_common/pico_double/double_math.c.obj
LOAD CMakeFiles/simple_vga.dir/home/keyvin/pico-sdk/src/rp2_common/pico_double/double_v1_rom_shim.S.obj
LOAD CMakeFiles/simple_vga.dir/home/keyvin/pico-sdk/src/rp2_common/pico_int64_ops/pico_int64_ops_aeabi.S.obj
LOAD CMakeFiles/simple_vga.dir/home/keyvin/pico-sdk/src/rp2_common/pico_float/float_aeabi.S.obj
LOAD CMakeFiles/simple_vga.dir/home/keyvin/pico-sdk/src/rp2_common/pico_float/float_init_rom.c.obj
LOAD CMakeFiles/simple_vga.dir/home/keyvin/pico-sdk/src/rp2_common/pico_float/float_math.c.obj
LOAD CMakeFiles/simple_vga.dir/home/keyvin/pico-sdk/src/rp2_common/pico_float/float_v1_rom_shim.S.obj
LOAD CMakeFiles/simple_vga.dir/home/keyvin/pico-sdk/src/rp2_common/pico_malloc/pico_malloc.c.obj
LOAD CMakeFiles/simple_vga.dir/home/keyvin/pico-sdk/src/rp2_common/pico_mem_ops/mem_ops_aeabi.S.obj
LOAD CMakeFiles/simple_vga.dir/home/keyvin/pico-sdk/src/rp2_common/pico_standard_link/crt0.S.obj
LOAD CMakeFiles/simple_vga.dir/home/keyvin/pico-sdk/src/rp2_common/pico_standard_link/new_delete.cpp.obj
LOAD CMakeFiles/simple_vga.dir/home/keyvin/pico-sdk/src/rp2_common/pico_standard_link/binary_info.c.obj
LOAD CMakeFiles/simple_vga.dir/home/keyvin/pico-sdk/src/rp2_common/pico_stdio/stdio.c.obj
LOAD CMakeFiles/simple_vga.dir/home/keyvin/pico-sdk/src/rp2_common/hardware_pio/pio.c.obj
LOAD CMakeFiles/simple_vga.dir/home/keyvin/pico-sdk/src/rp2_common/hardware_dma/dma.c.obj
LOAD CMakeFiles/simple_vga.dir/home/keyvin/pico-sdk/src/rp2_common/pico_multicore/multicore.c.obj
LOAD /tmp/ccUWp0SO.o
LOAD /usr/lib/gcc/arm-none-eabi/9.2.1/../../../arm-none-eabi/lib/thumb/v6-m/nofp/libstdc++.a
LOAD /usr/lib/gcc/arm-none-eabi/9.2.1/../../../arm-none-eabi/lib/thumb/v6-m/nofp/libm.a
START GROUP
LOAD /usr/lib/gcc/arm-none-eabi/9.2.1/thumb/v6-m/nofp/libgcc.a
LOAD /usr/lib/gcc/arm-none-eabi/9.2.1/../../../arm-none-eabi/lib/thumb/v6-m/nofp/libc.a
END GROUP
START GROUP
LOAD /usr/lib/gcc/arm-none-eabi/9.2.1/thumb/v6-m/nofp/libgcc.a
LOAD /usr/lib/gcc/arm-none-eabi/9.2.1/../../../arm-none-eabi/lib/thumb/v6-m/nofp/libc.a
LOAD /usr/lib/gcc/arm-none-eabi/9.2.1/../../../arm-none-eabi/lib/thumb/v6-m/nofp/libnosys.a
END GROUP
LOAD /usr/lib/gcc/arm-none-eabi/9.2.1/thumb/v6-m/nofp/crtend.o
LOAD /usr/lib/gcc/arm-none-eabi/9.2.1/thumb/v6-m/nofp/crtn.o
OUTPUT(simple_vga.elf elf32-littlearm)
LOAD linker stubs

.ARM.attributes
                0x0000000000000000       0x28
 .ARM.attributes
                0x0000000000000000       0x1e /usr/lib/gcc/arm-none-eabi/9.2.1/thumb/v6-m/nofp/crti.o
 .ARM.attributes
                0x000000000000001e       0x2c /usr/lib/gcc/arm-none-eabi/9.2.1/thumb/v6-m/nofp/crtbegin.o
 .ARM.attributes
                0x000000000000004a       0x2c CMakeFiles/simple_vga.dir/vga_charrom.c.obj
 .ARM.attributes
                0x0000000000000076       0x2c CMakeFiles/simple_vga.dir/home/keyvin/pico-sdk/src/rp2_common/pico_stdlib/stdlib.c.obj
 .ARM.attributes
                0x00000000000000a2       0x2c CMakeFiles/simple_vga.dir/home/keyvin/pico-sdk/src/rp2_common/hardware_gpio/gpio.c.obj
 .ARM.attributes
                0x00000000000000ce       0x2c CMakeFiles/simple_vga.dir/home/keyvin/pico-sdk/src/rp2_common/hardware_claim/claim.c.obj
 .ARM.attributes
                0x00000000000000fa       0x2c CMakeFiles/simple_vga.dir/home/keyvin/pico-sdk/src/rp2_common/pico_platform/platform.c.obj
 .ARM.attributes
                0x0000000000000126       0x2c CMakeFiles/simple_vga.dir/home/keyvin/pico-sdk/src/rp2_common/hardware_sync/sync.c.obj
 .ARM.attributes
                0x0000000000000152       0x2c CMakeFiles/simple_vga.dir/home/keyvin/pico-sdk/src/common/pico_time/time.c.obj
 .ARM.attributes
                0x000000000000017e       0x2c CMakeFiles/simple_vga.dir/home/keyvin/pico-sdk/src/rp2_common/hardware_timer/timer.c.obj
 .ARM.attributes
                0x00000000000001aa       0x2c CMakeFiles/simple_vga.dir/home/keyvin/pico-sdk/src/common/pico_sync/lock_core.c.obj
 .ARM.attributes
                0x00000000000001d6       0x2c CMakeFiles/simple_vga.dir/home/keyvin/pico-sdk/src/common/pico_sync/mutex.c.obj
 .ARM.attributes
                0x0000000000000202       0x2c CMakeFiles/simple_vga.dir/home/keyvin/pico-sdk/src/common/pico_util/pheap.c.obj
 .ARM.attributes
                0x000000000000022e       0x2c CMakeFiles/simple_vga.dir/home/keyvin/pico-sdk/src/rp2_common/pico_runtime/runtime.c.obj
 .ARM.attributes
                0x000000000000025a       0x2c CMakeFiles/simple_vga.dir/home/keyvin/pico-sdk/src/rp2_common/hardware_clocks/clocks.c.obj
 .ARM.attributes
                0x0000000000000286       0x2c CMakeFiles/simple_vga.dir/home/keyvin/pico-sdk/src/rp2_common/hardware_irq/irq.c.obj
 .ARM.attributes
                0x00000000000002b2       0x22 CMakeFiles/simple_vga.dir/home/keyvin/pico-sdk/src/rp2_common/hardware_irq/irq_handler_chain.S.obj
 .ARM.attributes
                0x00000000000002d4       0x2c CMakeFiles/simple_vga.dir/home/keyvin/pico-sdk/src/rp2_common/hardware_pll/pll.c.obj
 .ARM.attributes
                0x0000000000000300       0x2c CMakeFiles/simple_vga.dir/home/keyvin/pico-sdk/src/rp2_common/hardware_watchdog/watchdog.c.obj
 .ARM.attributes
                0x000000000000032c       0x2c CMakeFiles/simple_vga.dir/home/keyvin/pico-sdk/src/rp2_common/hardware_xosc/xosc.c.obj
 .ARM.attributes
                0x0000000000000358       0x2c CMakeFiles/simple_vga.dir/home/keyvin/pico-sdk/src/rp2_common/pico_printf/printf.c.obj
 .ARM.attributes
                0x0000000000000384       0x22 CMakeFiles/simple_vga.dir/home/keyvin/pico-sdk/src/rp2_common/pico_bit_ops/bit_ops_aeabi.S.obj
 .ARM.attributes
                0x00000000000003a6       0x2c CMakeFiles/simple_vga.dir/home/keyvin/pico-sdk/src/rp2_common/pico_bootrom/bootrom.c.obj
 .ARM.attributes
                0x00000000000003d2       0x22 CMakeFiles/simple_vga.dir/home/keyvin/pico-sdk/src/rp2_common/pico_divider/divider.S.obj
 .ARM.attributes
                0x00000000000003f4       0x22 CMakeFiles/simple_vga.dir/home/keyvin/pico-sdk/src/rp2_common/pico_double/double_aeabi.S.obj
 .ARM.attributes
                0x0000000000000416       0x2c CMakeFiles/simple_vga.dir/home/keyvin/pico-sdk/src/rp2_common/pico_double/double_init_rom.c.obj
 .ARM.attributes
                0x0000000000000442       0x22 CMakeFiles/simple_vga.dir/home/keyvin/pico-sdk/src/rp2_common/pico_double/double_v1_rom_shim.S.obj
 .ARM.attributes
                0x0000000000000464       0x22 CMakeFiles/simple_vga.dir/home/keyvin/pico-sdk/src/rp2_common/pico_float/float_aeabi.S.obj
 .ARM.attributes
                0x0000000000000486       0x2c CMakeFiles/simple_vga.dir/home/keyvin/pico-sdk/src/rp2_common/pico_float/float_init_rom.c.obj
 .ARM.attributes
                0x00000000000004b2       0x22 CMakeFiles/simple_vga.dir/home/keyvin/pico-sdk/src/rp2_common/pico_float/float_v1_rom_shim.S.obj
 .ARM.attributes
                0x00000000000004d4       0x2c CMakeFiles/simple_vga.dir/home/keyvin/pico-sdk/src/rp2_common/pico_malloc/pico_malloc.c.obj
 .ARM.attributes
                0x0000000000000500       0x22 CMakeFiles/simple_vga.dir/home/keyvin/pico-sdk/src/rp2_common/pico_mem_ops/mem_ops_aeabi.S.obj
 .ARM.attributes
                0x0000000000000522       0x22 CMakeFiles/simple_vga.dir/home/keyvin/pico-sdk/src/rp2_common/pico_standard_link/crt0.S.obj
 .ARM.attributes
                0x0000000000000544       0x32 CMakeFiles/simple_vga.dir/home/keyvin/pico-sdk/src/rp2_common/pico_standard_link/binary_info.c.obj
 .ARM.attributes
                0x0000000000000576       0x2c CMakeFiles/simple_vga.dir/home/keyvin/pico-sdk/src/rp2_common/pico_stdio/stdio.c.obj
 .ARM.attributes
                0x00000000000005a2       0x2c CMakeFiles/simple_vga.dir/home/keyvin/pico-sdk/src/rp2_common/hardware_pio/pio.c.obj
 .ARM.attributes
                0x00000000000005ce       0x2c CMakeFiles/simple_vga.dir/home/keyvin/pico-sdk/src/rp2_common/hardware_dma/dma.c.obj
 .ARM.attributes
                0x00000000000005fa       0x22 /tmp/ccUWp0SO.o
 .ARM.attributes
                0x000000000000061c       0x1e /usr/lib/gcc/arm-none-eabi/9.2.1/thumb/v6-m/nofp/libgcc.a(_dvmd_tls.o)
 .ARM.attributes
                0x000000000000063a       0x2c /usr/lib/gcc/arm-none-eabi/9.2.1/../../../arm-none-eabi/lib/thumb/v6-m/nofp/libc.a(lib_a-strlen-stub.o)
 .ARM.attributes
                0x0000000000000666       0x2c /usr/lib/gcc/arm-none-eabi/9.2.1/thumb/v6-m/nofp/crtend.o

.comment        0x0000000000000000       0x59
 .comment       0x0000000000000000       0x59 /usr/lib/gcc/arm-none-eabi/9.2.1/thumb/v6-m/nofp/crtbegin.o
                                         0x5a (size before relaxing)
 .comment       0x0000000000000059       0x5a CMakeFiles/simple_vga.dir/vga_charrom.c.obj
 .comment       0x0000000000000059       0x5a CMakeFiles/simple_vga.dir/home/keyvin/pico-sdk/src/rp2_common/pico_stdlib/stdlib.c.obj
 .comment       0x0000000000000059       0x5a CMakeFiles/simple_vga.dir/home/keyvin/pico-sdk/src/rp2_common/hardware_gpio/gpio.c.obj
 .comment       0x0000000000000059       0x5a CMakeFiles/simple_vga.dir/home/keyvin/pico-sdk/src/rp2_common/hardware_claim/claim.c.obj
 .comment       0x0000000000000059       0x5a CMakeFiles/simple_vga.dir/home/keyvin/pico-sdk/src/rp2_common/pico_platform/platform.c.obj
 .comment       0x0000000000000059       0x5a CMakeFiles/simple_vga.dir/home/keyvin/pico-sdk/src/rp2_common/hardware_sync/sync.c.obj
 .comment       0x0000000000000059       0x5a CMakeFiles/simple_vga.dir/home/keyvin/pico-sdk/src/common/pico_time/time.c.obj
 .comment       0x0000000000000059       0x5a CMakeFiles/simple_vga.dir/home/keyvin/pico-sdk/src/rp2_common/hardware_timer/timer.c.obj
 .comment       0x0000000000000059       0x5a CMakeFiles/simple_vga.dir/home/keyvin/pico-sdk/src/common/pico_sync/lock_core.c.obj
 .comment       0x0000000000000059       0x5a CMakeFiles/simple_vga.dir/home/keyvin/pico-sdk/src/common/pico_sync/mutex.c.obj
 .comment       0x0000000000000059       0x5a CMakeFiles/simple_vga.dir/home/keyvin/pico-sdk/src/common/pico_util/pheap.c.obj
 .comment       0x0000000000000059       0x5a CMakeFiles/simple_vga.dir/home/keyvin/pico-sdk/src/rp2_common/pico_runtime/runtime.c.obj
 .comment       0x0000000000000059       0x5a CMakeFiles/simple_vga.dir/home/keyvin/pico-sdk/src/rp2_common/hardware_clocks/clocks.c.obj
 .comment       0x0000000000000059       0x5a CMakeFiles/simple_vga.dir/home/keyvin/pico-sdk/src/rp2_common/hardware_irq/irq.c.obj
 .comment       0x0000000000000059       0x5a CMakeFiles/simple_vga.dir/home/keyvin/pico-sdk/src/rp2_common/hardware_pll/pll.c.obj
 .comment       0x0000000000000059       0x5a CMakeFiles/simple_vga.dir/home/keyvin/pico-sdk/src/rp2_common/hardware_watchdog/watchdog.c.obj
 .comment       0x0000000000000059       0x5a CMakeFiles/simple_vga.dir/home/keyvin/pico-sdk/src/rp2_common/hardware_xosc/xosc.c.obj
 .comment       0x0000000000000059       0x5a CMakeFiles/simple_vga.dir/home/keyvin/pico-sdk/src/rp2_common/pico_printf/printf.c.obj
 .comment       0x0000000000000059       0x5a CMakeFiles/simple_vga.dir/home/keyvin/pico-sdk/src/rp2_common/pico_bootrom/bootrom.c.obj
 .comment       0x0000000000000059       0x5a CMakeFiles/simple_vga.dir/home/keyvin/pico-sdk/src/rp2_common/pico_double/double_init_rom.c.obj
 .comment       0x0000000000000059       0x5a CMakeFiles/simple_vga.dir/home/keyvin/pico-sdk/src/rp2_common/pico_float/float_init_rom.c.obj
 .comment       0x0000000000000059       0x5a CMakeFiles/simple_vga.dir/home/keyvin/pico-sdk/src/rp2_common/pico_malloc/pico_malloc.c.obj
 .comment       0x0000000000000059       0x5a CMakeFiles/simple_vga.dir/home/keyvin/pico-sdk/src/rp2_common/pico_standard_link/binary_info.c.obj
 .comment       0x0000000000000059       0x5a CMakeFiles/simple_vga.dir/home/keyvin/pico-sdk/src/rp2_common/pico_stdio/stdio.c.obj
 .comment       0x0000000000000059       0x5a CMakeFiles/simple_vga.dir/home/keyvin/pico-sdk/src/rp2_common/hardware_pio/pio.c.obj
 .comment       0x0000000000000059       0x5a CMakeFiles/simple_vga.dir/home/keyvin/pico-sdk/src/rp2_common/hardware_dma/dma.c.obj
 .comment       0x0000000000000059       0x5a /usr/lib/gcc/arm-none-eabi/9.2.1/../../../arm-none-eabi/lib/thumb/v6-m/nofp/libc.a(lib_a-strlen-stub.o)
 .comment       0x0000000000000059       0x5a /usr/lib/gcc/arm-none-eabi/9.2.1/thumb/v6-m/nofp/crtend.o

.debug_line     0x0000000000000000      0x22c
 .debug_line    0x0000000000000000       0x60 /usr/lib/gcc/arm-none-eabi/9.2.1/thumb/v6-m/nofp/libgcc.a(_dvmd_tls.o)
 .debug_line    0x0000000000000060      0x1cc /usr/lib/gcc/arm-none-eabi/9.2.1/../../../arm-none-eabi/lib/thumb/v6-m/nofp/libc.a(lib_a-strlen-stub.o)

.debug_info     0x0000000000000000      0x999
 .debug_info    0x0000000000000000       0x26 /usr/lib/gcc/arm-none-eabi/9.2.1/thumb/v6-m/nofp/libgcc.a(_dvmd_tls.o)
 .debug_info    0x0000000000000026      0x973 /usr/lib/gcc/arm-none-eabi/9.2.1/../../../arm-none-eabi/lib/thumb/v6-m/nofp/libc.a(lib_a-strlen-stub.o)

.debug_abbrev   0x0000000000000000      0x1fc
 .debug_abbrev  0x0000000000000000       0x14 /usr/lib/gcc/arm-none-eabi/9.2.1/thumb/v6-m/nofp/libgcc.a(_dvmd_tls.o)
 .debug_abbrev  0x0000000000000014      0x1e8 /usr/lib/gcc/arm-none-eabi/9.2.1/../../../arm-none-eabi/lib/thumb/v6-m/nofp/libc.a(lib_a-strlen-stub.o)

.debug_aranges  0x0000000000000000       0x40
 .debug_aranges
                0x0000000000000000       0x20 /usr/lib/gcc/arm-none-eabi/9.2.1/thumb/v6-m/nofp/libgcc.a(_dvmd_tls.o)
 .debug_aranges
                0x0000000000000020       0x20 /usr/lib/gcc/arm-none-eabi/9.2.1/../../../arm-none-eabi/lib/thumb/v6-m/nofp/libc.a(lib_a-strlen-stub.o)

.debug_str      0x0000000000000000      0x617
 .debug_str     0x0000000000000000       0xa3 /usr/lib/gcc/arm-none-eabi/9.2.1/thumb/v6-m/nofp/libgcc.a(_dvmd_tls.o)
 .debug_str     0x00000000000000a3      0x574 /usr/lib/gcc/arm-none-eabi/9.2.1/../../../arm-none-eabi/lib/thumb/v6-m/nofp/libc.a(lib_a-strlen-stub.o)
                                        0x5c6 (size before relaxing)

.debug_loc      0x0000000000000000       0x90
 .debug_loc     0x0000000000000000       0x90 /usr/lib/gcc/arm-none-eabi/9.2.1/../../../arm-none-eabi/lib/thumb/v6-m/nofp/libc.a(lib_a-strlen-stub.o)

.debug_frame    0x0000000000000000       0x28
 .debug_frame   0x0000000000000000       0x28 /usr/lib/gcc/arm-none-eabi/9.2.1/../../../arm-none-eabi/lib/thumb/v6-m/nofp/libc.a(lib_a-strlen-stub.o)
